Archive member included because of file (symbol)

c:/winavr-20100110/bin/../lib/gcc/avr/4.3.3/avr6\libgcc.a(_exit.o)
                              c:/winavr-20100110/bin/../lib/gcc/avr/4.3.3/../../../../avr/lib/avr6/crtm2560.o (exit)
c:/winavr-20100110/bin/../lib/gcc/avr/4.3.3/avr6\libgcc.a(_clear_bss.o)
                              obj\Debug\main.o (__do_clear_bss)
c:/winavr-20100110/bin/../lib/gcc/avr/4.3.3/avr6\libgcc.a(_fixunssfsi.o)
                              obj\Debug\main.o (__fixunssfsi)
c:/winavr-20100110/bin/../lib/gcc/avr/4.3.3/avr6\libgcc.a(_addsub_sf.o)
                              c:/winavr-20100110/bin/../lib/gcc/avr/4.3.3/avr6\libgcc.a(_fixunssfsi.o) (__subsf3)
c:/winavr-20100110/bin/../lib/gcc/avr/4.3.3/avr6\libgcc.a(_mul_sf.o)
                              obj\Debug\main.o (__mulsf3)
c:/winavr-20100110/bin/../lib/gcc/avr/4.3.3/avr6\libgcc.a(_gt_sf.o)
                              obj\Debug\main.o (__gtsf2)
c:/winavr-20100110/bin/../lib/gcc/avr/4.3.3/avr6\libgcc.a(_ge_sf.o)
                              obj\Debug\overige_functie's.o (__gesf2)
c:/winavr-20100110/bin/../lib/gcc/avr/4.3.3/avr6\libgcc.a(_lt_sf.o)
                              obj\Debug\main.o (__ltsf2)
c:/winavr-20100110/bin/../lib/gcc/avr/4.3.3/avr6\libgcc.a(_le_sf.o)
                              obj\Debug\overige_functie's.o (__lesf2)
c:/winavr-20100110/bin/../lib/gcc/avr/4.3.3/avr6\libgcc.a(_si_to_sf.o)
                              obj\Debug\overige_functie's.o (__floatsisf)
c:/winavr-20100110/bin/../lib/gcc/avr/4.3.3/avr6\libgcc.a(_sf_to_si.o)
                              c:/winavr-20100110/bin/../lib/gcc/avr/4.3.3/avr6\libgcc.a(_fixunssfsi.o) (__fixsfsi)
c:/winavr-20100110/bin/../lib/gcc/avr/4.3.3/avr6\libgcc.a(_thenan_sf.o)
                              c:/winavr-20100110/bin/../lib/gcc/avr/4.3.3/avr6\libgcc.a(_addsub_sf.o) (__thenan_sf)
c:/winavr-20100110/bin/../lib/gcc/avr/4.3.3/avr6\libgcc.a(_usi_to_sf.o)
                              obj\Debug\PwM_signalen.o (__floatunsisf)
c:/winavr-20100110/bin/../lib/gcc/avr/4.3.3/avr6\libgcc.a(_prologue.o)
                              c:/winavr-20100110/bin/../lib/gcc/avr/4.3.3/avr6\libgcc.a(_addsub_sf.o) (__prologue_saves__)
c:/winavr-20100110/bin/../lib/gcc/avr/4.3.3/avr6\libgcc.a(_epilogue.o)
                              c:/winavr-20100110/bin/../lib/gcc/avr/4.3.3/avr6\libgcc.a(_addsub_sf.o) (__epilogue_restores__)
c:/winavr-20100110/bin/../lib/gcc/avr/4.3.3/avr6\libgcc.a(_clzsi2.o)
                              c:/winavr-20100110/bin/../lib/gcc/avr/4.3.3/avr6\libgcc.a(_si_to_sf.o) (__clzsi2)
c:/winavr-20100110/bin/../lib/gcc/avr/4.3.3/avr6\libgcc.a(_pack_sf.o)
                              c:/winavr-20100110/bin/../lib/gcc/avr/4.3.3/avr6\libgcc.a(_addsub_sf.o) (__pack_f)
c:/winavr-20100110/bin/../lib/gcc/avr/4.3.3/avr6\libgcc.a(_unpack_sf.o)
                              c:/winavr-20100110/bin/../lib/gcc/avr/4.3.3/avr6\libgcc.a(_addsub_sf.o) (__unpack_f)
c:/winavr-20100110/bin/../lib/gcc/avr/4.3.3/avr6\libgcc.a(_fpcmp_parts_sf.o)
                              c:/winavr-20100110/bin/../lib/gcc/avr/4.3.3/avr6\libgcc.a(_gt_sf.o) (__fpcmp_parts_f)
c:/winavr-20100110/bin/../lib/gcc/avr/4.3.3/avr6\libgcc.a(_clz.o)
                              c:/winavr-20100110/bin/../lib/gcc/avr/4.3.3/avr6\libgcc.a(_clzsi2.o) (__clz_tab)

Allocating common symbols
Common symbol       size              file

ultrasoon           0x4               obj\Debug\main.o
ultrasoon_links     0x4               obj\Debug\main.o
ultrasoon_rechts    0x4               obj\Debug\main.o
ultasoon_nr         0x2               obj\Debug\PwM_signalen.o
Grote_klok          0x2               obj\Debug\main.o
waarde2             0x2               obj\Debug\PwM_signalen.o
counts              0x4               obj\Debug\PwM_signalen.o
waarde1             0x2               obj\Debug\PwM_signalen.o

Memory Configuration

Name             Origin             Length             Attributes
text             0x00000000         0x00100000         xr
data             0x00800200         0x0000fe00         rw !x
eeprom           0x00810000         0x00010000         rw !x
fuse             0x00820000         0x00000400         rw !x
lock             0x00830000         0x00000400         rw !x
signature        0x00840000         0x00000400         rw !x
*default*        0x00000000         0xffffffff

Linker script and memory map

Address of section .data set to 0x800200
LOAD c:/winavr-20100110/bin/../lib/gcc/avr/4.3.3/../../../../avr/lib/avr6/crtm2560.o
LOAD obj\Debug\fuse.o
LOAD obj\Debug\main.o
LOAD obj\Debug\overige_functie's.o
LOAD obj\Debug\PwM_signalen.o
LOAD c:/winavr-20100110/bin/../lib/gcc/avr/4.3.3/avr6\libgcc.a
LOAD c:/winavr-20100110/bin/../lib/gcc/avr/4.3.3/../../../../avr/lib/avr6\libc.a
LOAD c:/winavr-20100110/bin/../lib/gcc/avr/4.3.3/avr6\libgcc.a

.hash
 *(.hash)

.dynsym
 *(.dynsym)

.dynstr
 *(.dynstr)

.gnu.version
 *(.gnu.version)

.gnu.version_d
 *(.gnu.version_d)

.gnu.version_r
 *(.gnu.version_r)

.rel.init
 *(.rel.init)

.rela.init
 *(.rela.init)

.rel.text
 *(.rel.text)
 *(.rel.text.*)
 *(.rel.gnu.linkonce.t*)

.rela.text
 *(.rela.text)
 *(.rela.text.*)
 *(.rela.gnu.linkonce.t*)

.rel.fini
 *(.rel.fini)

.rela.fini
 *(.rela.fini)

.rel.rodata
 *(.rel.rodata)
 *(.rel.rodata.*)
 *(.rel.gnu.linkonce.r*)

.rela.rodata
 *(.rela.rodata)
 *(.rela.rodata.*)
 *(.rela.gnu.linkonce.r*)

.rel.data
 *(.rel.data)
 *(.rel.data.*)
 *(.rel.gnu.linkonce.d*)

.rela.data
 *(.rela.data)
 *(.rela.data.*)
 *(.rela.gnu.linkonce.d*)

.rel.ctors
 *(.rel.ctors)

.rela.ctors
 *(.rela.ctors)

.rel.dtors
 *(.rel.dtors)

.rela.dtors
 *(.rela.dtors)

.rel.got
 *(.rel.got)

.rela.got
 *(.rela.got)

.rel.bss
 *(.rel.bss)

.rela.bss
 *(.rela.bss)

.rel.plt
 *(.rel.plt)

.rela.plt
 *(.rela.plt)

.text           0x00000000     0x193c
 *(.vectors)
 .vectors       0x00000000       0xe4 c:/winavr-20100110/bin/../lib/gcc/avr/4.3.3/../../../../avr/lib/avr6/crtm2560.o
                0x00000000                __vectors
                0x00000000                __vector_default
 *(.vectors)
 *(.progmem.gcc*)
 *(.progmem*)
                0x000000e4                . = ALIGN (0x2)
                0x000000e4                __trampolines_start = .
 *(.trampolines)
 .trampolines   0x000000e4        0x0 linker stubs
 *(.trampolines*)
                0x000000e4                __trampolines_end = .
 *(.jumptables)
 *(.jumptables*)
 *(.lowtext)
 *(.lowtext*)
                0x000000e4                __ctors_start = .
 *(.ctors)
                0x000000e4                __ctors_end = .
                0x000000e4                __dtors_start = .
 *(.dtors)
                0x000000e4                __dtors_end = .
 SORT(*)(.ctors)
 SORT(*)(.dtors)
 *(.init0)
 .init0         0x000000e4        0x0 c:/winavr-20100110/bin/../lib/gcc/avr/4.3.3/../../../../avr/lib/avr6/crtm2560.o
                0x000000e4                __init
 *(.init0)
 *(.init1)
 *(.init1)
 *(.init2)
 .init2         0x000000e4       0x10 c:/winavr-20100110/bin/../lib/gcc/avr/4.3.3/../../../../avr/lib/avr6/crtm2560.o
 *(.init2)
 *(.init3)
 *(.init3)
 *(.init4)
 .init4         0x000000f4       0x1a c:/winavr-20100110/bin/../lib/gcc/avr/4.3.3/../../../../avr/lib/avr6/crtm2560.o
                0x000000f4                __do_copy_data
 .init4         0x0000010e       0x10 c:/winavr-20100110/bin/../lib/gcc/avr/4.3.3/avr6\libgcc.a(_clear_bss.o)
                0x0000010e                __do_clear_bss
 *(.init4)
 *(.init5)
 *(.init5)
 *(.init6)
 *(.init6)
 *(.init7)
 *(.init7)
 *(.init8)
 *(.init8)
 *(.init9)
 .init9         0x0000011e        0x8 c:/winavr-20100110/bin/../lib/gcc/avr/4.3.3/../../../../avr/lib/avr6/crtm2560.o
 *(.init9)
 *(.text)
 .text          0x00000126        0x4 c:/winavr-20100110/bin/../lib/gcc/avr/4.3.3/../../../../avr/lib/avr6/crtm2560.o
                0x00000126                __vector_38
                0x00000126                __vector_28
                0x00000126                __vector_1
                0x00000126                __vector_32
                0x00000126                __vector_34
                0x00000126                __vector_24
                0x00000126                __vector_12
                0x00000126                __vector_55
                0x00000126                __vector_46
                0x00000126                __bad_interrupt
                0x00000126                __vector_6
                0x00000126                __vector_31
                0x00000126                __vector_35
                0x00000126                __vector_39
                0x00000126                __vector_3
                0x00000126                __vector_30
                0x00000126                __vector_45
                0x00000126                __vector_25
                0x00000126                __vector_11
                0x00000126                __vector_54
                0x00000126                __vector_19
                0x00000126                __vector_56
                0x00000126                __vector_7
                0x00000126                __vector_49
                0x00000126                __vector_43
                0x00000126                __vector_27
                0x00000126                __vector_5
                0x00000126                __vector_33
                0x00000126                __vector_47
                0x00000126                __vector_52
                0x00000126                __vector_37
                0x00000126                __vector_4
                0x00000126                __vector_44
                0x00000126                __vector_51
                0x00000126                __vector_9
                0x00000126                __vector_2
                0x00000126                __vector_36
                0x00000126                __vector_29
                0x00000126                __vector_40
                0x00000126                __vector_8
                0x00000126                __vector_26
                0x00000126                __vector_48
                0x00000126                __vector_53
                0x00000126                __vector_10
                0x00000126                __vector_50
                0x00000126                __vector_16
                0x00000126                __vector_18
                0x00000126                __vector_20
 .text          0x0000012a        0x0 obj\Debug\fuse.o
 .text          0x0000012a      0x198 obj\Debug\main.o
                0x0000012a                main
 .text          0x000002c2      0x2da obj\Debug\overige_functie's.o
                0x00000378                rechte_lijn
                0x000004b0                bocht_rechts
                0x000002c2                init
                0x00000586                error
                0x000003da                bocht_links
 .text          0x0000059c      0x5ce obj\Debug\PwM_signalen.o
                0x00000a9c                __vector_22
                0x00000aea                init_motor
                0x000009ae                __vector_23
                0x000008ba                __vector_13
                0x0000059c                __vector_17
                0x000005f2                __vector_41
                0x00000a4e                __vector_21
                0x00000840                __vector_15
                0x00000b38                motor
                0x00000934                __vector_14
                0x000007e4                __vector_42
 .text          0x00000b6a        0x0 c:/winavr-20100110/bin/../lib/gcc/avr/4.3.3/avr6\libgcc.a(_exit.o)
 .text          0x00000b6a        0x0 c:/winavr-20100110/bin/../lib/gcc/avr/4.3.3/avr6\libgcc.a(_clear_bss.o)
 .text          0x00000b6a       0x58 c:/winavr-20100110/bin/../lib/gcc/avr/4.3.3/avr6\libgcc.a(_fixunssfsi.o)
                0x00000b6a                __fixunssfsi
 .text          0x00000bc2      0x354 c:/winavr-20100110/bin/../lib/gcc/avr/4.3.3/avr6\libgcc.a(_addsub_sf.o)
                0x00000e5a                __subsf3
                0x00000ebc                __addsf3
 .text          0x00000f16      0x1f4 c:/winavr-20100110/bin/../lib/gcc/avr/4.3.3/avr6\libgcc.a(_mul_sf.o)
                0x00000f16                __mulsf3
 .text          0x0000110a       0x60 c:/winavr-20100110/bin/../lib/gcc/avr/4.3.3/avr6\libgcc.a(_gt_sf.o)
                0x0000110a                __gtsf2
 .text          0x0000116a       0x60 c:/winavr-20100110/bin/../lib/gcc/avr/4.3.3/avr6\libgcc.a(_ge_sf.o)
                0x0000116a                __gesf2
 .text          0x000011ca       0x60 c:/winavr-20100110/bin/../lib/gcc/avr/4.3.3/avr6\libgcc.a(_lt_sf.o)
                0x000011ca                __ltsf2
 .text          0x0000122a       0x60 c:/winavr-20100110/bin/../lib/gcc/avr/4.3.3/avr6\libgcc.a(_le_sf.o)
                0x0000122a                __lesf2
 .text          0x0000128a       0xbc c:/winavr-20100110/bin/../lib/gcc/avr/4.3.3/avr6\libgcc.a(_si_to_sf.o)
                0x0000128a                __floatsisf
 .text          0x00001346       0xa8 c:/winavr-20100110/bin/../lib/gcc/avr/4.3.3/avr6\libgcc.a(_sf_to_si.o)
                0x00001346                __fixsfsi
 .text          0x000013ee        0x0 c:/winavr-20100110/bin/../lib/gcc/avr/4.3.3/avr6\libgcc.a(_thenan_sf.o)
 .text          0x000013ee       0xf2 c:/winavr-20100110/bin/../lib/gcc/avr/4.3.3/avr6\libgcc.a(_usi_to_sf.o)
                0x000013ee                __floatunsisf
 .text          0x000014e0        0x0 c:/winavr-20100110/bin/../lib/gcc/avr/4.3.3/avr6\libgcc.a(_prologue.o)
 .text          0x000014e0        0x0 c:/winavr-20100110/bin/../lib/gcc/avr/4.3.3/avr6\libgcc.a(_epilogue.o)
 .text          0x000014e0       0x9e c:/winavr-20100110/bin/../lib/gcc/avr/4.3.3/avr6\libgcc.a(_clzsi2.o)
                0x000014e0                __clzsi2
 .text          0x0000157e      0x1aa c:/winavr-20100110/bin/../lib/gcc/avr/4.3.3/avr6\libgcc.a(_pack_sf.o)
                0x0000157e                __pack_f
 .text          0x00001728       0xf0 c:/winavr-20100110/bin/../lib/gcc/avr/4.3.3/avr6\libgcc.a(_unpack_sf.o)
                0x00001728                __unpack_f
 .text          0x00001818       0xb2 c:/winavr-20100110/bin/../lib/gcc/avr/4.3.3/avr6\libgcc.a(_fpcmp_parts_sf.o)
                0x00001818                __fpcmp_parts_f
 .text          0x000018ca        0x0 c:/winavr-20100110/bin/../lib/gcc/avr/4.3.3/avr6\libgcc.a(_clz.o)
                0x000018ca                . = ALIGN (0x2)
 *(.text.*)
 .text.libgcc   0x000018ca        0x0 c:/winavr-20100110/bin/../lib/gcc/avr/4.3.3/avr6\libgcc.a(_exit.o)
 .text.libgcc   0x000018ca        0x0 c:/winavr-20100110/bin/../lib/gcc/avr/4.3.3/avr6\libgcc.a(_clear_bss.o)
 .text.libgcc   0x000018ca       0x38 c:/winavr-20100110/bin/../lib/gcc/avr/4.3.3/avr6\libgcc.a(_prologue.o)
                0x000018ca                __prologue_saves__
 .text.libgcc   0x00001902       0x36 c:/winavr-20100110/bin/../lib/gcc/avr/4.3.3/avr6\libgcc.a(_epilogue.o)
                0x00001902                __epilogue_restores__
                0x00001938                . = ALIGN (0x2)
 *(.fini9)
 .fini9         0x00001938        0x0 c:/winavr-20100110/bin/../lib/gcc/avr/4.3.3/avr6\libgcc.a(_exit.o)
                0x00001938                exit
                0x00001938                _exit
 *(.fini9)
 *(.fini8)
 *(.fini8)
 *(.fini7)
 *(.fini7)
 *(.fini6)
 *(.fini6)
 *(.fini5)
 *(.fini5)
 *(.fini4)
 *(.fini4)
 *(.fini3)
 *(.fini3)
 *(.fini2)
 *(.fini2)
 *(.fini1)
 *(.fini1)
 *(.fini0)
 .fini0         0x00001938        0x4 c:/winavr-20100110/bin/../lib/gcc/avr/4.3.3/avr6\libgcc.a(_exit.o)
 *(.fini0)
                0x0000193c                _etext = .

.data           0x00800200      0x108 load address 0x0000193c
                0x00800200                PROVIDE (__data_start, .)
 *(.data)
 .data          0x00800200        0x0 c:/winavr-20100110/bin/../lib/gcc/avr/4.3.3/../../../../avr/lib/avr6/crtm2560.o
 .data          0x00800200        0x0 obj\Debug\fuse.o
 .data          0x00800200        0x0 obj\Debug\main.o
 .data          0x00800200        0x0 obj\Debug\overige_functie's.o
 .data          0x00800200        0x0 obj\Debug\PwM_signalen.o
 .data          0x00800200        0x0 c:/winavr-20100110/bin/../lib/gcc/avr/4.3.3/avr6\libgcc.a(_exit.o)
 .data          0x00800200        0x0 c:/winavr-20100110/bin/../lib/gcc/avr/4.3.3/avr6\libgcc.a(_clear_bss.o)
 .data          0x00800200        0x0 c:/winavr-20100110/bin/../lib/gcc/avr/4.3.3/avr6\libgcc.a(_fixunssfsi.o)
 .data          0x00800200        0x0 c:/winavr-20100110/bin/../lib/gcc/avr/4.3.3/avr6\libgcc.a(_addsub_sf.o)
 .data          0x00800200        0x0 c:/winavr-20100110/bin/../lib/gcc/avr/4.3.3/avr6\libgcc.a(_mul_sf.o)
 .data          0x00800200        0x0 c:/winavr-20100110/bin/../lib/gcc/avr/4.3.3/avr6\libgcc.a(_gt_sf.o)
 .data          0x00800200        0x0 c:/winavr-20100110/bin/../lib/gcc/avr/4.3.3/avr6\libgcc.a(_ge_sf.o)
 .data          0x00800200        0x0 c:/winavr-20100110/bin/../lib/gcc/avr/4.3.3/avr6\libgcc.a(_lt_sf.o)
 .data          0x00800200        0x0 c:/winavr-20100110/bin/../lib/gcc/avr/4.3.3/avr6\libgcc.a(_le_sf.o)
 .data          0x00800200        0x0 c:/winavr-20100110/bin/../lib/gcc/avr/4.3.3/avr6\libgcc.a(_si_to_sf.o)
 .data          0x00800200        0x0 c:/winavr-20100110/bin/../lib/gcc/avr/4.3.3/avr6\libgcc.a(_sf_to_si.o)
 .data          0x00800200        0x8 c:/winavr-20100110/bin/../lib/gcc/avr/4.3.3/avr6\libgcc.a(_thenan_sf.o)
                0x00800200                __thenan_sf
 .data          0x00800208        0x0 c:/winavr-20100110/bin/../lib/gcc/avr/4.3.3/avr6\libgcc.a(_usi_to_sf.o)
 .data          0x00800208        0x0 c:/winavr-20100110/bin/../lib/gcc/avr/4.3.3/avr6\libgcc.a(_prologue.o)
 .data          0x00800208        0x0 c:/winavr-20100110/bin/../lib/gcc/avr/4.3.3/avr6\libgcc.a(_epilogue.o)
 .data          0x00800208        0x0 c:/winavr-20100110/bin/../lib/gcc/avr/4.3.3/avr6\libgcc.a(_clzsi2.o)
 .data          0x00800208        0x0 c:/winavr-20100110/bin/../lib/gcc/avr/4.3.3/avr6\libgcc.a(_pack_sf.o)
 .data          0x00800208        0x0 c:/winavr-20100110/bin/../lib/gcc/avr/4.3.3/avr6\libgcc.a(_unpack_sf.o)
 .data          0x00800208        0x0 c:/winavr-20100110/bin/../lib/gcc/avr/4.3.3/avr6\libgcc.a(_fpcmp_parts_sf.o)
 .data          0x00800208      0x100 c:/winavr-20100110/bin/../lib/gcc/avr/4.3.3/avr6\libgcc.a(_clz.o)
                0x00800208                __clz_tab
 *(.data*)
 *(.rodata)
 *(.rodata*)
 *(.gnu.linkonce.d*)
                0x00800308                . = ALIGN (0x2)
                0x00800308                _edata = .
                0x00800308                PROVIDE (__data_end, .)

.bss            0x00800308       0x18
                0x00800308                PROVIDE (__bss_start, .)
 *(.bss)
 .bss           0x00800308        0x0 c:/winavr-20100110/bin/../lib/gcc/avr/4.3.3/../../../../avr/lib/avr6/crtm2560.o
 .bss           0x00800308        0x0 obj\Debug\fuse.o
 .bss           0x00800308        0x0 obj\Debug\main.o
 .bss           0x00800308        0x0 obj\Debug\overige_functie's.o
 .bss           0x00800308        0x0 obj\Debug\PwM_signalen.o
 .bss           0x00800308        0x0 c:/winavr-20100110/bin/../lib/gcc/avr/4.3.3/avr6\libgcc.a(_exit.o)
 .bss           0x00800308        0x0 c:/winavr-20100110/bin/../lib/gcc/avr/4.3.3/avr6\libgcc.a(_clear_bss.o)
 .bss           0x00800308        0x0 c:/winavr-20100110/bin/../lib/gcc/avr/4.3.3/avr6\libgcc.a(_fixunssfsi.o)
 .bss           0x00800308        0x0 c:/winavr-20100110/bin/../lib/gcc/avr/4.3.3/avr6\libgcc.a(_addsub_sf.o)
 .bss           0x00800308        0x0 c:/winavr-20100110/bin/../lib/gcc/avr/4.3.3/avr6\libgcc.a(_mul_sf.o)
 .bss           0x00800308        0x0 c:/winavr-20100110/bin/../lib/gcc/avr/4.3.3/avr6\libgcc.a(_gt_sf.o)
 .bss           0x00800308        0x0 c:/winavr-20100110/bin/../lib/gcc/avr/4.3.3/avr6\libgcc.a(_ge_sf.o)
 .bss           0x00800308        0x0 c:/winavr-20100110/bin/../lib/gcc/avr/4.3.3/avr6\libgcc.a(_lt_sf.o)
 .bss           0x00800308        0x0 c:/winavr-20100110/bin/../lib/gcc/avr/4.3.3/avr6\libgcc.a(_le_sf.o)
 .bss           0x00800308        0x0 c:/winavr-20100110/bin/../lib/gcc/avr/4.3.3/avr6\libgcc.a(_si_to_sf.o)
 .bss           0x00800308        0x0 c:/winavr-20100110/bin/../lib/gcc/avr/4.3.3/avr6\libgcc.a(_sf_to_si.o)
 .bss           0x00800308        0x0 c:/winavr-20100110/bin/../lib/gcc/avr/4.3.3/avr6\libgcc.a(_thenan_sf.o)
 .bss           0x00800308        0x0 c:/winavr-20100110/bin/../lib/gcc/avr/4.3.3/avr6\libgcc.a(_usi_to_sf.o)
 .bss           0x00800308        0x0 c:/winavr-20100110/bin/../lib/gcc/avr/4.3.3/avr6\libgcc.a(_prologue.o)
 .bss           0x00800308        0x0 c:/winavr-20100110/bin/../lib/gcc/avr/4.3.3/avr6\libgcc.a(_epilogue.o)
 .bss           0x00800308        0x0 c:/winavr-20100110/bin/../lib/gcc/avr/4.3.3/avr6\libgcc.a(_clzsi2.o)
 .bss           0x00800308        0x0 c:/winavr-20100110/bin/../lib/gcc/avr/4.3.3/avr6\libgcc.a(_pack_sf.o)
 .bss           0x00800308        0x0 c:/winavr-20100110/bin/../lib/gcc/avr/4.3.3/avr6\libgcc.a(_unpack_sf.o)
 .bss           0x00800308        0x0 c:/winavr-20100110/bin/../lib/gcc/avr/4.3.3/avr6\libgcc.a(_fpcmp_parts_sf.o)
 .bss           0x00800308        0x0 c:/winavr-20100110/bin/../lib/gcc/avr/4.3.3/avr6\libgcc.a(_clz.o)
 *(.bss*)
 *(COMMON)
 COMMON         0x00800308        0xe obj\Debug\main.o
                0x00800308                ultrasoon
                0x0080030c                ultrasoon_links
                0x00800310                ultrasoon_rechts
                0x00800314                Grote_klok
 COMMON         0x00800316        0xa obj\Debug\PwM_signalen.o
                0x00800316                ultasoon_nr
                0x00800318                waarde2
                0x0080031a                counts
                0x0080031e                waarde1
                0x00800320                PROVIDE (__bss_end, .)
                0x0000193c                __data_load_start = LOADADDR (.data)
                0x00001a44                __data_load_end = (__data_load_start + SIZEOF (.data))

.noinit         0x00800320        0x0
                0x00800320                PROVIDE (__noinit_start, .)
 *(.noinit*)
                0x00800320                PROVIDE (__noinit_end, .)
                0x00800320                _end = .
                0x00800320                PROVIDE (__heap_start, .)

.eeprom         0x00810000        0x0
 *(.eeprom*)
                0x00810000                __eeprom_end = .

.fuse           0x00820000        0x3
 *(.fuse)
 .fuse          0x00820000        0x3 obj\Debug\fuse.o
                0x00820000                __fuse
 *(.lfuse)
 *(.hfuse)
 *(.efuse)

.lock
 *(.lock*)

.signature
 *(.signature*)

.stab
 *(.stab)

.stabstr
 *(.stabstr)

.stab.excl
 *(.stab.excl)

.stab.exclstr
 *(.stab.exclstr)

.stab.index
 *(.stab.index)

.stab.indexstr
 *(.stab.indexstr)

.comment
 *(.comment)

.debug
 *(.debug)

.line
 *(.line)

.debug_srcinfo
 *(.debug_srcinfo)

.debug_sfnames
 *(.debug_sfnames)

.debug_aranges  0x00000000      0x220
 *(.debug_aranges)
 .debug_aranges
                0x00000000       0x20 obj\Debug\main.o
 .debug_aranges
                0x00000020       0x20 obj\Debug\overige_functie's.o
 .debug_aranges
                0x00000040       0x20 obj\Debug\PwM_signalen.o
 .debug_aranges
                0x00000060       0x20 c:/winavr-20100110/bin/../lib/gcc/avr/4.3.3/avr6\libgcc.a(_fixunssfsi.o)
 .debug_aranges
                0x00000080       0x20 c:/winavr-20100110/bin/../lib/gcc/avr/4.3.3/avr6\libgcc.a(_addsub_sf.o)
 .debug_aranges
                0x000000a0       0x20 c:/winavr-20100110/bin/../lib/gcc/avr/4.3.3/avr6\libgcc.a(_mul_sf.o)
 .debug_aranges
                0x000000c0       0x20 c:/winavr-20100110/bin/../lib/gcc/avr/4.3.3/avr6\libgcc.a(_gt_sf.o)
 .debug_aranges
                0x000000e0       0x20 c:/winavr-20100110/bin/../lib/gcc/avr/4.3.3/avr6\libgcc.a(_ge_sf.o)
 .debug_aranges
                0x00000100       0x20 c:/winavr-20100110/bin/../lib/gcc/avr/4.3.3/avr6\libgcc.a(_lt_sf.o)
 .debug_aranges
                0x00000120       0x20 c:/winavr-20100110/bin/../lib/gcc/avr/4.3.3/avr6\libgcc.a(_le_sf.o)
 .debug_aranges
                0x00000140       0x20 c:/winavr-20100110/bin/../lib/gcc/avr/4.3.3/avr6\libgcc.a(_si_to_sf.o)
 .debug_aranges
                0x00000160       0x20 c:/winavr-20100110/bin/../lib/gcc/avr/4.3.3/avr6\libgcc.a(_sf_to_si.o)
 .debug_aranges
                0x00000180       0x20 c:/winavr-20100110/bin/../lib/gcc/avr/4.3.3/avr6\libgcc.a(_usi_to_sf.o)
 .debug_aranges
                0x000001a0       0x20 c:/winavr-20100110/bin/../lib/gcc/avr/4.3.3/avr6\libgcc.a(_clzsi2.o)
 .debug_aranges
                0x000001c0       0x20 c:/winavr-20100110/bin/../lib/gcc/avr/4.3.3/avr6\libgcc.a(_pack_sf.o)
 .debug_aranges
                0x000001e0       0x20 c:/winavr-20100110/bin/../lib/gcc/avr/4.3.3/avr6\libgcc.a(_unpack_sf.o)
 .debug_aranges
                0x00000200       0x20 c:/winavr-20100110/bin/../lib/gcc/avr/4.3.3/avr6\libgcc.a(_fpcmp_parts_sf.o)

.debug_pubnames
                0x00000000      0x461
 *(.debug_pubnames)
 .debug_pubnames
                0x00000000       0x1d obj\Debug\fuse.o
 .debug_pubnames
                0x0000001d       0x61 obj\Debug\main.o
 .debug_pubnames
                0x0000007e       0x9c obj\Debug\overige_functie's.o
 .debug_pubnames
                0x0000011a      0x134 obj\Debug\PwM_signalen.o
 .debug_pubnames
                0x0000024e       0x23 c:/winavr-20100110/bin/../lib/gcc/avr/4.3.3/avr6\libgcc.a(_fixunssfsi.o)
 .debug_pubnames
                0x00000271       0x2c c:/winavr-20100110/bin/../lib/gcc/avr/4.3.3/avr6\libgcc.a(_addsub_sf.o)
 .debug_pubnames
                0x0000029d       0x1f c:/winavr-20100110/bin/../lib/gcc/avr/4.3.3/avr6\libgcc.a(_mul_sf.o)
 .debug_pubnames
                0x000002bc       0x1e c:/winavr-20100110/bin/../lib/gcc/avr/4.3.3/avr6\libgcc.a(_gt_sf.o)
 .debug_pubnames
                0x000002da       0x1e c:/winavr-20100110/bin/../lib/gcc/avr/4.3.3/avr6\libgcc.a(_ge_sf.o)
 .debug_pubnames
                0x000002f8       0x1e c:/winavr-20100110/bin/../lib/gcc/avr/4.3.3/avr6\libgcc.a(_lt_sf.o)
 .debug_pubnames
                0x00000316       0x1e c:/winavr-20100110/bin/../lib/gcc/avr/4.3.3/avr6\libgcc.a(_le_sf.o)
 .debug_pubnames
                0x00000334       0x22 c:/winavr-20100110/bin/../lib/gcc/avr/4.3.3/avr6\libgcc.a(_si_to_sf.o)
 .debug_pubnames
                0x00000356       0x20 c:/winavr-20100110/bin/../lib/gcc/avr/4.3.3/avr6\libgcc.a(_sf_to_si.o)
 .debug_pubnames
                0x00000376       0x22 c:/winavr-20100110/bin/../lib/gcc/avr/4.3.3/avr6\libgcc.a(_thenan_sf.o)
 .debug_pubnames
                0x00000398       0x24 c:/winavr-20100110/bin/../lib/gcc/avr/4.3.3/avr6\libgcc.a(_usi_to_sf.o)
 .debug_pubnames
                0x000003bc       0x1f c:/winavr-20100110/bin/../lib/gcc/avr/4.3.3/avr6\libgcc.a(_clzsi2.o)
 .debug_pubnames
                0x000003db       0x1f c:/winavr-20100110/bin/../lib/gcc/avr/4.3.3/avr6\libgcc.a(_pack_sf.o)
 .debug_pubnames
                0x000003fa       0x21 c:/winavr-20100110/bin/../lib/gcc/avr/4.3.3/avr6\libgcc.a(_unpack_sf.o)
 .debug_pubnames
                0x0000041b       0x26 c:/winavr-20100110/bin/../lib/gcc/avr/4.3.3/avr6\libgcc.a(_fpcmp_parts_sf.o)
 .debug_pubnames
                0x00000441       0x20 c:/winavr-20100110/bin/../lib/gcc/avr/4.3.3/avr6\libgcc.a(_clz.o)

.debug_info     0x00000000     0x29ff
 *(.debug_info)
 .debug_info    0x00000000       0xae obj\Debug\fuse.o
 .debug_info    0x000000ae      0x16c obj\Debug\main.o
 .debug_info    0x0000021a      0x14a obj\Debug\overige_functie's.o
 .debug_info    0x00000364      0x206 obj\Debug\PwM_signalen.o
 .debug_info    0x0000056a       0xb1 c:/winavr-20100110/bin/../lib/gcc/avr/4.3.3/avr6\libgcc.a(_fixunssfsi.o)
 .debug_info    0x0000061b      0x47a c:/winavr-20100110/bin/../lib/gcc/avr/4.3.3/avr6\libgcc.a(_addsub_sf.o)
 .debug_info    0x00000a95      0x485 c:/winavr-20100110/bin/../lib/gcc/avr/4.3.3/avr6\libgcc.a(_mul_sf.o)
 .debug_info    0x00000f1a      0x27f c:/winavr-20100110/bin/../lib/gcc/avr/4.3.3/avr6\libgcc.a(_gt_sf.o)
 .debug_info    0x00001199      0x27f c:/winavr-20100110/bin/../lib/gcc/avr/4.3.3/avr6\libgcc.a(_ge_sf.o)
 .debug_info    0x00001418      0x27f c:/winavr-20100110/bin/../lib/gcc/avr/4.3.3/avr6\libgcc.a(_lt_sf.o)
 .debug_info    0x00001697      0x27f c:/winavr-20100110/bin/../lib/gcc/avr/4.3.3/avr6\libgcc.a(_le_sf.o)
 .debug_info    0x00001916      0x207 c:/winavr-20100110/bin/../lib/gcc/avr/4.3.3/avr6\libgcc.a(_si_to_sf.o)
 .debug_info    0x00001b1d      0x2b0 c:/winavr-20100110/bin/../lib/gcc/avr/4.3.3/avr6\libgcc.a(_sf_to_si.o)
 .debug_info    0x00001dcd      0x12c c:/winavr-20100110/bin/../lib/gcc/avr/4.3.3/avr6\libgcc.a(_thenan_sf.o)
 .debug_info    0x00001ef9      0x206 c:/winavr-20100110/bin/../lib/gcc/avr/4.3.3/avr6\libgcc.a(_usi_to_sf.o)
 .debug_info    0x000020ff      0x117 c:/winavr-20100110/bin/../lib/gcc/avr/4.3.3/avr6\libgcc.a(_clzsi2.o)
 .debug_info    0x00002216      0x2df c:/winavr-20100110/bin/../lib/gcc/avr/4.3.3/avr6\libgcc.a(_pack_sf.o)
 .debug_info    0x000024f5      0x251 c:/winavr-20100110/bin/../lib/gcc/avr/4.3.3/avr6\libgcc.a(_unpack_sf.o)
 .debug_info    0x00002746      0x210 c:/winavr-20100110/bin/../lib/gcc/avr/4.3.3/avr6\libgcc.a(_fpcmp_parts_sf.o)
 .debug_info    0x00002956       0xa9 c:/winavr-20100110/bin/../lib/gcc/avr/4.3.3/avr6\libgcc.a(_clz.o)
 *(.gnu.linkonce.wi.*)

.debug_abbrev   0x00000000     0x163a
 *(.debug_abbrev)
 .debug_abbrev  0x00000000       0x73 obj\Debug\fuse.o
 .debug_abbrev  0x00000073       0xbc obj\Debug\main.o
 .debug_abbrev  0x0000012f       0x76 obj\Debug\overige_functie's.o
 .debug_abbrev  0x000001a5       0x83 obj\Debug\PwM_signalen.o
 .debug_abbrev  0x00000228       0x5d c:/winavr-20100110/bin/../lib/gcc/avr/4.3.3/avr6\libgcc.a(_fixunssfsi.o)
 .debug_abbrev  0x00000285      0x1ea c:/winavr-20100110/bin/../lib/gcc/avr/4.3.3/avr6\libgcc.a(_addsub_sf.o)
 .debug_abbrev  0x0000046f      0x21b c:/winavr-20100110/bin/../lib/gcc/avr/4.3.3/avr6\libgcc.a(_mul_sf.o)
 .debug_abbrev  0x0000068a      0x15a c:/winavr-20100110/bin/../lib/gcc/avr/4.3.3/avr6\libgcc.a(_gt_sf.o)
 .debug_abbrev  0x000007e4      0x15a c:/winavr-20100110/bin/../lib/gcc/avr/4.3.3/avr6\libgcc.a(_ge_sf.o)
 .debug_abbrev  0x0000093e      0x15a c:/winavr-20100110/bin/../lib/gcc/avr/4.3.3/avr6\libgcc.a(_lt_sf.o)
 .debug_abbrev  0x00000a98      0x15a c:/winavr-20100110/bin/../lib/gcc/avr/4.3.3/avr6\libgcc.a(_le_sf.o)
 .debug_abbrev  0x00000bf2      0x148 c:/winavr-20100110/bin/../lib/gcc/avr/4.3.3/avr6\libgcc.a(_si_to_sf.o)
 .debug_abbrev  0x00000d3a      0x17f c:/winavr-20100110/bin/../lib/gcc/avr/4.3.3/avr6\libgcc.a(_sf_to_si.o)
 .debug_abbrev  0x00000eb9       0xad c:/winavr-20100110/bin/../lib/gcc/avr/4.3.3/avr6\libgcc.a(_thenan_sf.o)
 .debug_abbrev  0x00000f66      0x157 c:/winavr-20100110/bin/../lib/gcc/avr/4.3.3/avr6\libgcc.a(_usi_to_sf.o)
 .debug_abbrev  0x000010bd       0xc4 c:/winavr-20100110/bin/../lib/gcc/avr/4.3.3/avr6\libgcc.a(_clzsi2.o)
 .debug_abbrev  0x00001181      0x1c0 c:/winavr-20100110/bin/../lib/gcc/avr/4.3.3/avr6\libgcc.a(_pack_sf.o)
 .debug_abbrev  0x00001341      0x154 c:/winavr-20100110/bin/../lib/gcc/avr/4.3.3/avr6\libgcc.a(_unpack_sf.o)
 .debug_abbrev  0x00001495      0x13b c:/winavr-20100110/bin/../lib/gcc/avr/4.3.3/avr6\libgcc.a(_fpcmp_parts_sf.o)
 .debug_abbrev  0x000015d0       0x6a c:/winavr-20100110/bin/../lib/gcc/avr/4.3.3/avr6\libgcc.a(_clz.o)

.debug_line     0x00000000     0x18d8
 *(.debug_line)
 .debug_line    0x00000000       0x83 obj\Debug\fuse.o
 .debug_line    0x00000083      0x1a6 obj\Debug\main.o
 .debug_line    0x00000229      0x1c1 obj\Debug\overige_functie's.o
 .debug_line    0x000003ea      0x2e5 obj\Debug\PwM_signalen.o
 .debug_line    0x000006cf       0xa7 c:/winavr-20100110/bin/../lib/gcc/avr/4.3.3/avr6\libgcc.a(_fixunssfsi.o)
 .debug_line    0x00000776      0x2af c:/winavr-20100110/bin/../lib/gcc/avr/4.3.3/avr6\libgcc.a(_addsub_sf.o)
 .debug_line    0x00000a25      0x239 c:/winavr-20100110/bin/../lib/gcc/avr/4.3.3/avr6\libgcc.a(_mul_sf.o)
 .debug_line    0x00000c5e       0xd3 c:/winavr-20100110/bin/../lib/gcc/avr/4.3.3/avr6\libgcc.a(_gt_sf.o)
 .debug_line    0x00000d31       0xd3 c:/winavr-20100110/bin/../lib/gcc/avr/4.3.3/avr6\libgcc.a(_ge_sf.o)
 .debug_line    0x00000e04       0xd3 c:/winavr-20100110/bin/../lib/gcc/avr/4.3.3/avr6\libgcc.a(_lt_sf.o)
 .debug_line    0x00000ed7       0xd3 c:/winavr-20100110/bin/../lib/gcc/avr/4.3.3/avr6\libgcc.a(_le_sf.o)
 .debug_line    0x00000faa      0x135 c:/winavr-20100110/bin/../lib/gcc/avr/4.3.3/avr6\libgcc.a(_si_to_sf.o)
 .debug_line    0x000010df      0x109 c:/winavr-20100110/bin/../lib/gcc/avr/4.3.3/avr6\libgcc.a(_sf_to_si.o)
 .debug_line    0x000011e8       0x90 c:/winavr-20100110/bin/../lib/gcc/avr/4.3.3/avr6\libgcc.a(_thenan_sf.o)
 .debug_line    0x00001278      0x133 c:/winavr-20100110/bin/../lib/gcc/avr/4.3.3/avr6\libgcc.a(_usi_to_sf.o)
 .debug_line    0x000013ab       0xa5 c:/winavr-20100110/bin/../lib/gcc/avr/4.3.3/avr6\libgcc.a(_clzsi2.o)
 .debug_line    0x00001450      0x18a c:/winavr-20100110/bin/../lib/gcc/avr/4.3.3/avr6\libgcc.a(_pack_sf.o)
 .debug_line    0x000015da      0x14b c:/winavr-20100110/bin/../lib/gcc/avr/4.3.3/avr6\libgcc.a(_unpack_sf.o)
 .debug_line    0x00001725      0x137 c:/winavr-20100110/bin/../lib/gcc/avr/4.3.3/avr6\libgcc.a(_fpcmp_parts_sf.o)
 .debug_line    0x0000185c       0x7c c:/winavr-20100110/bin/../lib/gcc/avr/4.3.3/avr6\libgcc.a(_clz.o)

.debug_frame    0x00000000      0x320
 *(.debug_frame)
 .debug_frame   0x00000000       0x20 obj\Debug\main.o
 .debug_frame   0x00000020       0x60 obj\Debug\overige_functie's.o
 .debug_frame   0x00000080       0xc0 obj\Debug\PwM_signalen.o
 .debug_frame   0x00000140       0x20 c:/winavr-20100110/bin/../lib/gcc/avr/4.3.3/avr6\libgcc.a(_fixunssfsi.o)
 .debug_frame   0x00000160       0x40 c:/winavr-20100110/bin/../lib/gcc/avr/4.3.3/avr6\libgcc.a(_addsub_sf.o)
 .debug_frame   0x000001a0       0x20 c:/winavr-20100110/bin/../lib/gcc/avr/4.3.3/avr6\libgcc.a(_mul_sf.o)
 .debug_frame   0x000001c0       0x20 c:/winavr-20100110/bin/../lib/gcc/avr/4.3.3/avr6\libgcc.a(_gt_sf.o)
 .debug_frame   0x000001e0       0x20 c:/winavr-20100110/bin/../lib/gcc/avr/4.3.3/avr6\libgcc.a(_ge_sf.o)
 .debug_frame   0x00000200       0x20 c:/winavr-20100110/bin/../lib/gcc/avr/4.3.3/avr6\libgcc.a(_lt_sf.o)
 .debug_frame   0x00000220       0x20 c:/winavr-20100110/bin/../lib/gcc/avr/4.3.3/avr6\libgcc.a(_le_sf.o)
 .debug_frame   0x00000240       0x20 c:/winavr-20100110/bin/../lib/gcc/avr/4.3.3/avr6\libgcc.a(_si_to_sf.o)
 .debug_frame   0x00000260       0x20 c:/winavr-20100110/bin/../lib/gcc/avr/4.3.3/avr6\libgcc.a(_sf_to_si.o)
 .debug_frame   0x00000280       0x20 c:/winavr-20100110/bin/../lib/gcc/avr/4.3.3/avr6\libgcc.a(_usi_to_sf.o)
 .debug_frame   0x000002a0       0x20 c:/winavr-20100110/bin/../lib/gcc/avr/4.3.3/avr6\libgcc.a(_clzsi2.o)
 .debug_frame   0x000002c0       0x20 c:/winavr-20100110/bin/../lib/gcc/avr/4.3.3/avr6\libgcc.a(_pack_sf.o)
 .debug_frame   0x000002e0       0x20 c:/winavr-20100110/bin/../lib/gcc/avr/4.3.3/avr6\libgcc.a(_unpack_sf.o)
 .debug_frame   0x00000300       0x20 c:/winavr-20100110/bin/../lib/gcc/avr/4.3.3/avr6\libgcc.a(_fpcmp_parts_sf.o)

.debug_str      0x00000000      0x4b8
 *(.debug_str)
 .debug_str     0x00000000       0x9d obj\Debug\fuse.o
                                 0xd6 (size before relaxing)
 .debug_str     0x0000009d       0x85 obj\Debug\main.o
                                0x13c (size before relaxing)
 .debug_str     0x00000122       0x49 obj\Debug\overige_functie's.o
                                0x136 (size before relaxing)
 .debug_str     0x0000016b       0xb2 obj\Debug\PwM_signalen.o
                                0x1ae (size before relaxing)
 .debug_str     0x0000021d       0x80 c:/winavr-20100110/bin/../lib/gcc/avr/4.3.3/avr6\libgcc.a(_fixunssfsi.o)
                                 0xfe (size before relaxing)
 .debug_str     0x0000029d      0x14d c:/winavr-20100110/bin/../lib/gcc/avr/4.3.3/avr6\libgcc.a(_addsub_sf.o)
                                0x206 (size before relaxing)
 .debug_str     0x000003ea       0x27 c:/winavr-20100110/bin/../lib/gcc/avr/4.3.3/avr6\libgcc.a(_mul_sf.o)
                                0x1bf (size before relaxing)
 .debug_str     0x00000411        0x8 c:/winavr-20100110/bin/../lib/gcc/avr/4.3.3/avr6\libgcc.a(_gt_sf.o)
                                0x195 (size before relaxing)
 .debug_str     0x00000419        0x8 c:/winavr-20100110/bin/../lib/gcc/avr/4.3.3/avr6\libgcc.a(_ge_sf.o)
                                0x195 (size before relaxing)
 .debug_str     0x00000421        0x8 c:/winavr-20100110/bin/../lib/gcc/avr/4.3.3/avr6\libgcc.a(_lt_sf.o)
                                0x195 (size before relaxing)
 .debug_str     0x00000429        0x8 c:/winavr-20100110/bin/../lib/gcc/avr/4.3.3/avr6\libgcc.a(_le_sf.o)
                                0x195 (size before relaxing)
 .debug_str     0x00000431       0x1e c:/winavr-20100110/bin/../lib/gcc/avr/4.3.3/avr6\libgcc.a(_si_to_sf.o)
                                0x17b (size before relaxing)
 .debug_str     0x0000044f        0xa c:/winavr-20100110/bin/../lib/gcc/avr/4.3.3/avr6\libgcc.a(_sf_to_si.o)
                                0x19e (size before relaxing)
 .debug_str     0x00000000      0x103 c:/winavr-20100110/bin/../lib/gcc/avr/4.3.3/avr6\libgcc.a(_thenan_sf.o)
 .debug_str     0x00000459       0x14 c:/winavr-20100110/bin/../lib/gcc/avr/4.3.3/avr6\libgcc.a(_usi_to_sf.o)
                                0x177 (size before relaxing)
 .debug_str     0x0000046d       0x20 c:/winavr-20100110/bin/../lib/gcc/avr/4.3.3/avr6\libgcc.a(_clzsi2.o)
                                0x111 (size before relaxing)
 .debug_str     0x0000048d       0x10 c:/winavr-20100110/bin/../lib/gcc/avr/4.3.3/avr6\libgcc.a(_pack_sf.o)
                                0x19d (size before relaxing)
 .debug_str     0x0000049d        0xb c:/winavr-20100110/bin/../lib/gcc/avr/4.3.3/avr6\libgcc.a(_unpack_sf.o)
                                0x17f (size before relaxing)
 .debug_str     0x000004a8       0x10 c:/winavr-20100110/bin/../lib/gcc/avr/4.3.3/avr6\libgcc.a(_fpcmp_parts_sf.o)
                                0x163 (size before relaxing)
 .debug_str     0x00000000       0xf4 c:/winavr-20100110/bin/../lib/gcc/avr/4.3.3/avr6\libgcc.a(_clz.o)

.debug_loc      0x00000000      0x996
 *(.debug_loc)
 .debug_loc     0x00000000       0x34 c:/winavr-20100110/bin/../lib/gcc/avr/4.3.3/avr6\libgcc.a(_fixunssfsi.o)
 .debug_loc     0x00000034      0x32a c:/winavr-20100110/bin/../lib/gcc/avr/4.3.3/avr6\libgcc.a(_addsub_sf.o)
 .debug_loc     0x0000035e      0x104 c:/winavr-20100110/bin/../lib/gcc/avr/4.3.3/avr6\libgcc.a(_mul_sf.o)
 .debug_loc     0x00000462       0x3c c:/winavr-20100110/bin/../lib/gcc/avr/4.3.3/avr6\libgcc.a(_gt_sf.o)
 .debug_loc     0x0000049e       0x3c c:/winavr-20100110/bin/../lib/gcc/avr/4.3.3/avr6\libgcc.a(_ge_sf.o)
 .debug_loc     0x000004da       0x3c c:/winavr-20100110/bin/../lib/gcc/avr/4.3.3/avr6\libgcc.a(_lt_sf.o)
 .debug_loc     0x00000516       0x3c c:/winavr-20100110/bin/../lib/gcc/avr/4.3.3/avr6\libgcc.a(_le_sf.o)
 .debug_loc     0x00000552       0xac c:/winavr-20100110/bin/../lib/gcc/avr/4.3.3/avr6\libgcc.a(_si_to_sf.o)
 .debug_loc     0x000005fe       0x7e c:/winavr-20100110/bin/../lib/gcc/avr/4.3.3/avr6\libgcc.a(_sf_to_si.o)
 .debug_loc     0x0000067c       0x4c c:/winavr-20100110/bin/../lib/gcc/avr/4.3.3/avr6\libgcc.a(_usi_to_sf.o)
 .debug_loc     0x000006c8       0x94 c:/winavr-20100110/bin/../lib/gcc/avr/4.3.3/avr6\libgcc.a(_clzsi2.o)
 .debug_loc     0x0000075c      0x13e c:/winavr-20100110/bin/../lib/gcc/avr/4.3.3/avr6\libgcc.a(_pack_sf.o)
 .debug_loc     0x0000089a       0xac c:/winavr-20100110/bin/../lib/gcc/avr/4.3.3/avr6\libgcc.a(_unpack_sf.o)
 .debug_loc     0x00000946       0x50 c:/winavr-20100110/bin/../lib/gcc/avr/4.3.3/avr6\libgcc.a(_fpcmp_parts_sf.o)

.debug_macinfo
 *(.debug_macinfo)
OUTPUT(bin\Debug\project_b3.elf elf32-avr)
LOAD linker stubs

.debug_ranges   0x00000000       0x50
 .debug_ranges  0x00000000       0x50 c:/winavr-20100110/bin/../lib/gcc/avr/4.3.3/avr6\libgcc.a(_mul_sf.o)

Cross Reference Table

Symbol                                            File
Grote_klok                                        obj\Debug\PwM_signalen.o
                                                  obj\Debug\overige_functie's.o
                                                  obj\Debug\main.o
__addsf3                                          c:/winavr-20100110/bin/../lib/gcc/avr/4.3.3/avr6\libgcc.a(_addsub_sf.o)
__bad_interrupt                                   c:/winavr-20100110/bin/../lib/gcc/avr/4.3.3/../../../../avr/lib/avr6/crtm2560.o
__bss_end                                         c:/winavr-20100110/bin/../lib/gcc/avr/4.3.3/avr6\libgcc.a(_clear_bss.o)
__bss_start                                       c:/winavr-20100110/bin/../lib/gcc/avr/4.3.3/avr6\libgcc.a(_clear_bss.o)
__clz_tab                                         c:/winavr-20100110/bin/../lib/gcc/avr/4.3.3/avr6\libgcc.a(_clz.o)
                                                  c:/winavr-20100110/bin/../lib/gcc/avr/4.3.3/avr6\libgcc.a(_clzsi2.o)
__clzsi2                                          c:/winavr-20100110/bin/../lib/gcc/avr/4.3.3/avr6\libgcc.a(_clzsi2.o)
                                                  c:/winavr-20100110/bin/../lib/gcc/avr/4.3.3/avr6\libgcc.a(_usi_to_sf.o)
                                                  c:/winavr-20100110/bin/../lib/gcc/avr/4.3.3/avr6\libgcc.a(_si_to_sf.o)
__data_end                                        c:/winavr-20100110/bin/../lib/gcc/avr/4.3.3/../../../../avr/lib/avr6/crtm2560.o
__data_load_start                                 c:/winavr-20100110/bin/../lib/gcc/avr/4.3.3/../../../../avr/lib/avr6/crtm2560.o
__data_start                                      c:/winavr-20100110/bin/../lib/gcc/avr/4.3.3/../../../../avr/lib/avr6/crtm2560.o
__do_clear_bss                                    c:/winavr-20100110/bin/../lib/gcc/avr/4.3.3/avr6\libgcc.a(_clear_bss.o)
                                                  obj\Debug\PwM_signalen.o
                                                  obj\Debug\overige_functie's.o
                                                  obj\Debug\main.o
__do_copy_data                                    c:/winavr-20100110/bin/../lib/gcc/avr/4.3.3/../../../../avr/lib/avr6/crtm2560.o
                                                  c:/winavr-20100110/bin/../lib/gcc/avr/4.3.3/avr6\libgcc.a(_clz.o)
                                                  c:/winavr-20100110/bin/../lib/gcc/avr/4.3.3/avr6\libgcc.a(_thenan_sf.o)
__epilogue_restores__                             c:/winavr-20100110/bin/../lib/gcc/avr/4.3.3/avr6\libgcc.a(_epilogue.o)
                                                  c:/winavr-20100110/bin/../lib/gcc/avr/4.3.3/avr6\libgcc.a(_usi_to_sf.o)
                                                  c:/winavr-20100110/bin/../lib/gcc/avr/4.3.3/avr6\libgcc.a(_sf_to_si.o)
                                                  c:/winavr-20100110/bin/../lib/gcc/avr/4.3.3/avr6\libgcc.a(_si_to_sf.o)
                                                  c:/winavr-20100110/bin/../lib/gcc/avr/4.3.3/avr6\libgcc.a(_le_sf.o)
                                                  c:/winavr-20100110/bin/../lib/gcc/avr/4.3.3/avr6\libgcc.a(_lt_sf.o)
                                                  c:/winavr-20100110/bin/../lib/gcc/avr/4.3.3/avr6\libgcc.a(_ge_sf.o)
                                                  c:/winavr-20100110/bin/../lib/gcc/avr/4.3.3/avr6\libgcc.a(_gt_sf.o)
                                                  c:/winavr-20100110/bin/../lib/gcc/avr/4.3.3/avr6\libgcc.a(_mul_sf.o)
                                                  c:/winavr-20100110/bin/../lib/gcc/avr/4.3.3/avr6\libgcc.a(_addsub_sf.o)
__fixsfsi                                         c:/winavr-20100110/bin/../lib/gcc/avr/4.3.3/avr6\libgcc.a(_sf_to_si.o)
                                                  c:/winavr-20100110/bin/../lib/gcc/avr/4.3.3/avr6\libgcc.a(_fixunssfsi.o)
__fixunssfsi                                      c:/winavr-20100110/bin/../lib/gcc/avr/4.3.3/avr6\libgcc.a(_fixunssfsi.o)
                                                  obj\Debug\main.o
__floatsisf                                       c:/winavr-20100110/bin/../lib/gcc/avr/4.3.3/avr6\libgcc.a(_si_to_sf.o)
                                                  obj\Debug\overige_functie's.o
__floatunsisf                                     c:/winavr-20100110/bin/../lib/gcc/avr/4.3.3/avr6\libgcc.a(_usi_to_sf.o)
                                                  obj\Debug\PwM_signalen.o
__fpcmp_parts_f                                   c:/winavr-20100110/bin/../lib/gcc/avr/4.3.3/avr6\libgcc.a(_fpcmp_parts_sf.o)
                                                  c:/winavr-20100110/bin/../lib/gcc/avr/4.3.3/avr6\libgcc.a(_le_sf.o)
                                                  c:/winavr-20100110/bin/../lib/gcc/avr/4.3.3/avr6\libgcc.a(_lt_sf.o)
                                                  c:/winavr-20100110/bin/../lib/gcc/avr/4.3.3/avr6\libgcc.a(_ge_sf.o)
                                                  c:/winavr-20100110/bin/../lib/gcc/avr/4.3.3/avr6\libgcc.a(_gt_sf.o)
__fuse                                            obj\Debug\fuse.o
__gesf2                                           c:/winavr-20100110/bin/../lib/gcc/avr/4.3.3/avr6\libgcc.a(_ge_sf.o)
                                                  c:/winavr-20100110/bin/../lib/gcc/avr/4.3.3/avr6\libgcc.a(_fixunssfsi.o)
                                                  obj\Debug\overige_functie's.o
__gtsf2                                           c:/winavr-20100110/bin/../lib/gcc/avr/4.3.3/avr6\libgcc.a(_gt_sf.o)
                                                  obj\Debug\main.o
__heap_end                                        c:/winavr-20100110/bin/../lib/gcc/avr/4.3.3/../../../../avr/lib/avr6/crtm2560.o
__init                                            c:/winavr-20100110/bin/../lib/gcc/avr/4.3.3/../../../../avr/lib/avr6/crtm2560.o
__lesf2                                           c:/winavr-20100110/bin/../lib/gcc/avr/4.3.3/avr6\libgcc.a(_le_sf.o)
                                                  obj\Debug\overige_functie's.o
__ltsf2                                           c:/winavr-20100110/bin/../lib/gcc/avr/4.3.3/avr6\libgcc.a(_lt_sf.o)
                                                  obj\Debug\main.o
__mulsf3                                          c:/winavr-20100110/bin/../lib/gcc/avr/4.3.3/avr6\libgcc.a(_mul_sf.o)
                                                  obj\Debug\PwM_signalen.o
                                                  obj\Debug\main.o
__pack_f                                          c:/winavr-20100110/bin/../lib/gcc/avr/4.3.3/avr6\libgcc.a(_pack_sf.o)
                                                  c:/winavr-20100110/bin/../lib/gcc/avr/4.3.3/avr6\libgcc.a(_usi_to_sf.o)
                                                  c:/winavr-20100110/bin/../lib/gcc/avr/4.3.3/avr6\libgcc.a(_si_to_sf.o)
                                                  c:/winavr-20100110/bin/../lib/gcc/avr/4.3.3/avr6\libgcc.a(_mul_sf.o)
                                                  c:/winavr-20100110/bin/../lib/gcc/avr/4.3.3/avr6\libgcc.a(_addsub_sf.o)
__prologue_saves__                                c:/winavr-20100110/bin/../lib/gcc/avr/4.3.3/avr6\libgcc.a(_prologue.o)
                                                  c:/winavr-20100110/bin/../lib/gcc/avr/4.3.3/avr6\libgcc.a(_usi_to_sf.o)
                                                  c:/winavr-20100110/bin/../lib/gcc/avr/4.3.3/avr6\libgcc.a(_sf_to_si.o)
                                                  c:/winavr-20100110/bin/../lib/gcc/avr/4.3.3/avr6\libgcc.a(_si_to_sf.o)
                                                  c:/winavr-20100110/bin/../lib/gcc/avr/4.3.3/avr6\libgcc.a(_le_sf.o)
                                                  c:/winavr-20100110/bin/../lib/gcc/avr/4.3.3/avr6\libgcc.a(_lt_sf.o)
                                                  c:/winavr-20100110/bin/../lib/gcc/avr/4.3.3/avr6\libgcc.a(_ge_sf.o)
                                                  c:/winavr-20100110/bin/../lib/gcc/avr/4.3.3/avr6\libgcc.a(_gt_sf.o)
                                                  c:/winavr-20100110/bin/../lib/gcc/avr/4.3.3/avr6\libgcc.a(_mul_sf.o)
                                                  c:/winavr-20100110/bin/../lib/gcc/avr/4.3.3/avr6\libgcc.a(_addsub_sf.o)
__stack                                           c:/winavr-20100110/bin/../lib/gcc/avr/4.3.3/../../../../avr/lib/avr6/crtm2560.o
__subsf3                                          c:/winavr-20100110/bin/../lib/gcc/avr/4.3.3/avr6\libgcc.a(_addsub_sf.o)
                                                  c:/winavr-20100110/bin/../lib/gcc/avr/4.3.3/avr6\libgcc.a(_fixunssfsi.o)
__thenan_sf                                       c:/winavr-20100110/bin/../lib/gcc/avr/4.3.3/avr6\libgcc.a(_thenan_sf.o)
                                                  c:/winavr-20100110/bin/../lib/gcc/avr/4.3.3/avr6\libgcc.a(_mul_sf.o)
                                                  c:/winavr-20100110/bin/../lib/gcc/avr/4.3.3/avr6\libgcc.a(_addsub_sf.o)
__unpack_f                                        c:/winavr-20100110/bin/../lib/gcc/avr/4.3.3/avr6\libgcc.a(_unpack_sf.o)
                                                  c:/winavr-20100110/bin/../lib/gcc/avr/4.3.3/avr6\libgcc.a(_sf_to_si.o)
                                                  c:/winavr-20100110/bin/../lib/gcc/avr/4.3.3/avr6\libgcc.a(_le_sf.o)
                                                  c:/winavr-20100110/bin/../lib/gcc/avr/4.3.3/avr6\libgcc.a(_lt_sf.o)
                                                  c:/winavr-20100110/bin/../lib/gcc/avr/4.3.3/avr6\libgcc.a(_ge_sf.o)
                                                  c:/winavr-20100110/bin/../lib/gcc/avr/4.3.3/avr6\libgcc.a(_gt_sf.o)
                                                  c:/winavr-20100110/bin/../lib/gcc/avr/4.3.3/avr6\libgcc.a(_mul_sf.o)
                                                  c:/winavr-20100110/bin/../lib/gcc/avr/4.3.3/avr6\libgcc.a(_addsub_sf.o)
__vector_1                                        c:/winavr-20100110/bin/../lib/gcc/avr/4.3.3/../../../../avr/lib/avr6/crtm2560.o
__vector_10                                       c:/winavr-20100110/bin/../lib/gcc/avr/4.3.3/../../../../avr/lib/avr6/crtm2560.o
__vector_11                                       c:/winavr-20100110/bin/../lib/gcc/avr/4.3.3/../../../../avr/lib/avr6/crtm2560.o
__vector_12                                       c:/winavr-20100110/bin/../lib/gcc/avr/4.3.3/../../../../avr/lib/avr6/crtm2560.o
__vector_13                                       obj\Debug\PwM_signalen.o
                                                  c:/winavr-20100110/bin/../lib/gcc/avr/4.3.3/../../../../avr/lib/avr6/crtm2560.o
__vector_14                                       obj\Debug\PwM_signalen.o
                                                  c:/winavr-20100110/bin/../lib/gcc/avr/4.3.3/../../../../avr/lib/avr6/crtm2560.o
__vector_15                                       obj\Debug\PwM_signalen.o
                                                  c:/winavr-20100110/bin/../lib/gcc/avr/4.3.3/../../../../avr/lib/avr6/crtm2560.o
__vector_16                                       c:/winavr-20100110/bin/../lib/gcc/avr/4.3.3/../../../../avr/lib/avr6/crtm2560.o
__vector_17                                       obj\Debug\PwM_signalen.o
                                                  c:/winavr-20100110/bin/../lib/gcc/avr/4.3.3/../../../../avr/lib/avr6/crtm2560.o
__vector_18                                       c:/winavr-20100110/bin/../lib/gcc/avr/4.3.3/../../../../avr/lib/avr6/crtm2560.o
__vector_19                                       c:/winavr-20100110/bin/../lib/gcc/avr/4.3.3/../../../../avr/lib/avr6/crtm2560.o
__vector_2                                        c:/winavr-20100110/bin/../lib/gcc/avr/4.3.3/../../../../avr/lib/avr6/crtm2560.o
__vector_20                                       c:/winavr-20100110/bin/../lib/gcc/avr/4.3.3/../../../../avr/lib/avr6/crtm2560.o
__vector_21                                       obj\Debug\PwM_signalen.o
                                                  c:/winavr-20100110/bin/../lib/gcc/avr/4.3.3/../../../../avr/lib/avr6/crtm2560.o
__vector_22                                       obj\Debug\PwM_signalen.o
                                                  c:/winavr-20100110/bin/../lib/gcc/avr/4.3.3/../../../../avr/lib/avr6/crtm2560.o
__vector_23                                       obj\Debug\PwM_signalen.o
                                                  c:/winavr-20100110/bin/../lib/gcc/avr/4.3.3/../../../../avr/lib/avr6/crtm2560.o
__vector_24                                       c:/winavr-20100110/bin/../lib/gcc/avr/4.3.3/../../../../avr/lib/avr6/crtm2560.o
__vector_25                                       c:/winavr-20100110/bin/../lib/gcc/avr/4.3.3/../../../../avr/lib/avr6/crtm2560.o
__vector_26                                       c:/winavr-20100110/bin/../lib/gcc/avr/4.3.3/../../../../avr/lib/avr6/crtm2560.o
__vector_27                                       c:/winavr-20100110/bin/../lib/gcc/avr/4.3.3/../../../../avr/lib/avr6/crtm2560.o
__vector_28                                       c:/winavr-20100110/bin/../lib/gcc/avr/4.3.3/../../../../avr/lib/avr6/crtm2560.o
__vector_29                                       c:/winavr-20100110/bin/../lib/gcc/avr/4.3.3/../../../../avr/lib/avr6/crtm2560.o
__vector_3                                        c:/winavr-20100110/bin/../lib/gcc/avr/4.3.3/../../../../avr/lib/avr6/crtm2560.o
__vector_30                                       c:/winavr-20100110/bin/../lib/gcc/avr/4.3.3/../../../../avr/lib/avr6/crtm2560.o
__vector_31                                       c:/winavr-20100110/bin/../lib/gcc/avr/4.3.3/../../../../avr/lib/avr6/crtm2560.o
__vector_32                                       c:/winavr-20100110/bin/../lib/gcc/avr/4.3.3/../../../../avr/lib/avr6/crtm2560.o
__vector_33                                       c:/winavr-20100110/bin/../lib/gcc/avr/4.3.3/../../../../avr/lib/avr6/crtm2560.o
__vector_34                                       c:/winavr-20100110/bin/../lib/gcc/avr/4.3.3/../../../../avr/lib/avr6/crtm2560.o
__vector_35                                       c:/winavr-20100110/bin/../lib/gcc/avr/4.3.3/../../../../avr/lib/avr6/crtm2560.o
__vector_36                                       c:/winavr-20100110/bin/../lib/gcc/avr/4.3.3/../../../../avr/lib/avr6/crtm2560.o
__vector_37                                       c:/winavr-20100110/bin/../lib/gcc/avr/4.3.3/../../../../avr/lib/avr6/crtm2560.o
__vector_38                                       c:/winavr-20100110/bin/../lib/gcc/avr/4.3.3/../../../../avr/lib/avr6/crtm2560.o
__vector_39                                       c:/winavr-20100110/bin/../lib/gcc/avr/4.3.3/../../../../avr/lib/avr6/crtm2560.o
__vector_4                                        c:/winavr-20100110/bin/../lib/gcc/avr/4.3.3/../../../../avr/lib/avr6/crtm2560.o
__vector_40                                       c:/winavr-20100110/bin/../lib/gcc/avr/4.3.3/../../../../avr/lib/avr6/crtm2560.o
__vector_41                                       obj\Debug\PwM_signalen.o
                                                  c:/winavr-20100110/bin/../lib/gcc/avr/4.3.3/../../../../avr/lib/avr6/crtm2560.o
__vector_42                                       obj\Debug\PwM_signalen.o
                                                  c:/winavr-20100110/bin/../lib/gcc/avr/4.3.3/../../../../avr/lib/avr6/crtm2560.o
__vector_43                                       c:/winavr-20100110/bin/../lib/gcc/avr/4.3.3/../../../../avr/lib/avr6/crtm2560.o
__vector_44                                       c:/winavr-20100110/bin/../lib/gcc/avr/4.3.3/../../../../avr/lib/avr6/crtm2560.o
__vector_45                                       c:/winavr-20100110/bin/../lib/gcc/avr/4.3.3/../../../../avr/lib/avr6/crtm2560.o
__vector_46                                       c:/winavr-20100110/bin/../lib/gcc/avr/4.3.3/../../../../avr/lib/avr6/crtm2560.o
__vector_47                                       c:/winavr-20100110/bin/../lib/gcc/avr/4.3.3/../../../../avr/lib/avr6/crtm2560.o
__vector_48                                       c:/winavr-20100110/bin/../lib/gcc/avr/4.3.3/../../../../avr/lib/avr6/crtm2560.o
__vector_49                                       c:/winavr-20100110/bin/../lib/gcc/avr/4.3.3/../../../../avr/lib/avr6/crtm2560.o
__vector_5                                        c:/winavr-20100110/bin/../lib/gcc/avr/4.3.3/../../../../avr/lib/avr6/crtm2560.o
__vector_50                                       c:/winavr-20100110/bin/../lib/gcc/avr/4.3.3/../../../../avr/lib/avr6/crtm2560.o
__vector_51                                       c:/winavr-20100110/bin/../lib/gcc/avr/4.3.3/../../../../avr/lib/avr6/crtm2560.o
__vector_52                                       c:/winavr-20100110/bin/../lib/gcc/avr/4.3.3/../../../../avr/lib/avr6/crtm2560.o
__vector_53                                       c:/winavr-20100110/bin/../lib/gcc/avr/4.3.3/../../../../avr/lib/avr6/crtm2560.o
__vector_54                                       c:/winavr-20100110/bin/../lib/gcc/avr/4.3.3/../../../../avr/lib/avr6/crtm2560.o
__vector_55                                       c:/winavr-20100110/bin/../lib/gcc/avr/4.3.3/../../../../avr/lib/avr6/crtm2560.o
__vector_56                                       c:/winavr-20100110/bin/../lib/gcc/avr/4.3.3/../../../../avr/lib/avr6/crtm2560.o
__vector_6                                        c:/winavr-20100110/bin/../lib/gcc/avr/4.3.3/../../../../avr/lib/avr6/crtm2560.o
__vector_7                                        c:/winavr-20100110/bin/../lib/gcc/avr/4.3.3/../../../../avr/lib/avr6/crtm2560.o
__vector_8                                        c:/winavr-20100110/bin/../lib/gcc/avr/4.3.3/../../../../avr/lib/avr6/crtm2560.o
__vector_9                                        c:/winavr-20100110/bin/../lib/gcc/avr/4.3.3/../../../../avr/lib/avr6/crtm2560.o
__vector_default                                  c:/winavr-20100110/bin/../lib/gcc/avr/4.3.3/../../../../avr/lib/avr6/crtm2560.o
__vectors                                         c:/winavr-20100110/bin/../lib/gcc/avr/4.3.3/../../../../avr/lib/avr6/crtm2560.o
_exit                                             c:/winavr-20100110/bin/../lib/gcc/avr/4.3.3/avr6\libgcc.a(_exit.o)
bocht_links                                       obj\Debug\overige_functie's.o
bocht_rechts                                      obj\Debug\overige_functie's.o
counts                                            obj\Debug\PwM_signalen.o
error                                             obj\Debug\overige_functie's.o
exit                                              c:/winavr-20100110/bin/../lib/gcc/avr/4.3.3/avr6\libgcc.a(_exit.o)
                                                  c:/winavr-20100110/bin/../lib/gcc/avr/4.3.3/../../../../avr/lib/avr6/crtm2560.o
init                                              obj\Debug\overige_functie's.o
                                                  obj\Debug\main.o
init_motor                                        obj\Debug\PwM_signalen.o
                                                  obj\Debug\main.o
main                                              obj\Debug\main.o
                                                  c:/winavr-20100110/bin/../lib/gcc/avr/4.3.3/../../../../avr/lib/avr6/crtm2560.o
motor                                             obj\Debug\PwM_signalen.o
                                                  obj\Debug\overige_functie's.o
                                                  obj\Debug\main.o
rechte_lijn                                       obj\Debug\overige_functie's.o
ultasoon_nr                                       obj\Debug\PwM_signalen.o
ultrasoon                                         obj\Debug\PwM_signalen.o
                                                  obj\Debug\overige_functie's.o
                                                  obj\Debug\main.o
ultrasoon_links                                   obj\Debug\PwM_signalen.o
                                                  obj\Debug\overige_functie's.o
                                                  obj\Debug\main.o
ultrasoon_rechts                                  obj\Debug\PwM_signalen.o
                                                  obj\Debug\overige_functie's.o
                                                  obj\Debug\main.o
waarde1                                           obj\Debug\PwM_signalen.o
waarde2                                           obj\Debug\PwM_signalen.o
